[alma.com.ar/misxv/demoxv/index.html]
[agendalafecha.com/demoxv/assets/css/bootstrap.minec92.css]
[agendalafecha.com/demoxv/assets/css/jquery.classycountdownec92.css]
[agendalafecha.com/demoxv/assets/css/jquery.fancybox.minec92.css]
[agendalafecha.com/demoxv/assets/css/stylesec92.css]
[backblue.gif]
[fade.gif]
[index.html]
[cdnjs.cloudflare.com/ajax/libs/font-awesome/5.13.0/css/all.min.css]
[agendalafecha.com/demoxv/assets/img/logo-portada.png]
[agendalafecha.com/demoxv/assets/img/galeria/10.jpg]
[agendalafecha.com/demoxv/assets/img/galeria/11.jpg]
[agendalafecha.com/demoxv/assets/img/galeria/12.jpg]
[agendalafecha.com/demoxv/assets/img/galeria/13.jpg]
[agendalafecha.com/demoxv/assets/js/jquery-3.5.1.slim.minec92.js]
[agendalafecha.com/demoxv/assets/js/jquery.knobec92.js]
[agendalafecha.com/demoxv/assets/js/jquery.throttleec92.js]
[agendalafecha.com/demoxv/assets/js/jquery.classycountdownec92.js]
[agendalafecha.com/demoxv/assets/js/popper.minec92.js]
[agendalafecha.com/demoxv/assets/js/bootstrap.minec92.js]
[agendalafecha.com/demoxv/assets/js/parallax.minec92.js]
[agendalafecha.com/demoxv/assets/js/jquery.fancybox.minec92.js]
[agendalafecha.com/demoxv/assets/js/scriptsec92.js]
[img1.wsimg.com/signals/js/clients/scc-c2/scc-c2.min.js]
[alma.com.ar/misxv/demoxv/index.html]
[agendalafecha.com/demoxv/assets/css/bootstrap.minec92.css]
[agendalafecha.com/demoxv/assets/css/jquery.classycountdownec92.css]
[agendalafecha.com/demoxv/assets/css/jquery.fancybox.minec92.css]
[agendalafecha.com/demoxv/assets/css/stylesec92.css]
[cdnjs.cloudflare.com/ajax/libs/font-awesome/5.13.0/css/all.min.css]
